2025/02/02 20:14:15 GET /ping
2025/02/02 22:40:09 GET /register
2025/02/02 22:40:09 Попытка создания пользователя с совпадающим login'ом
2025/02/02 22:48:28 GET /register
2025/02/02 23:01:40 GET /login
2025/02/03 00:52:09 GET /login
2025/02/03 00:53:00 GET /new/post
2025/02/03 00:53:00 ОШИБКА: INSERT или UPDATE в таблице "post" нарушает ограничение внешнего ключа "post_id_user_fkey" (SQLSTATE 23503)
2025/02/03 00:54:58 GET /login
2025/02/03 00:55:02 GET /new/post
2025/02/03 00:55:02 ОШИБКА: INSERT или UPDATE в таблице "post" нарушает ограничение внешнего ключа "post_id_user_fkey" (SQLSTATE 23503)
2025/02/03 00:55:47 GET /login
2025/02/03 00:55:55 GET /new/post
2025/02/03 00:55:55 ОШИБКА: INSERT или UPDATE в таблице "post" нарушает ограничение внешнего ключа "post_id_user_fkey" (SQLSTATE 23503)
2025/02/03 00:56:31 GET /login
2025/02/03 00:56:52 GET /login
2025/02/03 00:59:53 GET /login
2025/02/03 00:59:57 GET /new/post
2025/02/03 01:01:43 GET /login
2025/02/03 01:01:46 GET /new/post
2025/02/03 01:02:20 GET /login
2025/02/03 01:02:23 GET /new/post
2025/02/03 01:05:30 GET /login
2025/02/03 01:05:32 GET /new/post
2025/02/03 23:53:08 GET /login
2025/02/03 23:53:33 GET /new/comment
2025/02/03 23:53:33 Переданы некорректные данные!
2025/02/03 23:53:33 ОШИБКА: значение NULL в столбце "comment" отношения "post_comment" нарушает ограничение NOT NULL (SQLSTATE 23502)
2025/02/03 23:55:54 GET /login
2025/02/03 23:55:57 GET /new/comment
2025/02/03 23:55:57 Переданы некорректные данные!
2025/02/03 23:55:57 ОШИБКА: значение NULL в столбце "comment" отношения "post_comment" нарушает ограничение NOT NULL (SQLSTATE 23502)
2025/02/03 23:58:00 GET /login
2025/02/03 23:58:03 GET /new/comment
2025/02/04 00:14:01 GET /login
2025/02/04 00:16:31 GET /login
2025/02/04 00:19:07 GET /login
2025/02/04 00:20:04 DELETE /user/delete/2
2025/02/04 00:20:04 Попытка обращения к защищённому маршруту.
2025/02/04 00:20:15 GET /login
2025/02/04 00:20:25 GET /login
2025/02/04 00:20:28 DELETE /user/delete/2
